<html>
<body>
<pre>
<h1>µVision Build Log</h1>
<h2>Project:</h2>
C:\Keil\ValvanoWareTM4C123\GPIO_4C123\GPIO.uvproj
Project File Date:  03/22/2017

<h2>Output:</h2>
Build target 'GPIO'
compiling GPIO.c...
ADCSWTrigger.h(72): warning:  #1-D: last line of file ends without a newline
  void ADC_Init89(void);
I2C.h(36): warning:  #1-D: last line of file ends without a newline
  int32_t I2C_MessageSet(int32_t ByteToSend, int32_t ByteToSet);
GPIO.c(153): warning:  #177-D: variable "breakpoint" was declared but never referenced
                        int32_t breakpoint = 0;
GPIO.c: 3 warnings, 0 errors
linking...
Program Size: Code=4144 RO-data=32 RW-data=24 ZI-data=1120  
".\GPIO.axf" - 0 Error(s), 3 Warning(s).
Load "C:\\Keil\\ValvanoWareTM4C123\\GPIO_4C123\\GPIO.axf" 
Connecting: Mode=JTAG, Speed=1000000Hz
Erase Done.
Programming Done.
Verify OK.
</pre>
</body>
</html>
D: variable "y" was declared but never referenced
                        int y = 2;
I2C.c(242): warning:  #177-D: variable "x" was declared but never referenced
                                int x = 2;
I2C.c: 4 warnings, 0 errors
linking...
Program Size: Code=4084 RO-data=32 RW-data=24 ZI-data=1120  
".\GPIO.axf" - 0 Error(s), 7 Warning(s).
Load "C:\\Keil\\ValvanoWareTM4C123\\GPIO_4C123\\GPIO.axf" 
Connecting: Mode=JTAG, Speed=1000000Hz
Connection failed!, error code=&d
Error: Flash Download failed  -  Target DLL has been cancelled
Load "C:\\Keil\\ValvanoWareTM4C123\\GPIO_4C123\\GPIO.axf" 
Connecting: Mode=JTAG, Speed=1000000Hz
Erase Done.
Programming Done.
Verify OK.
